2025.06.01 14:48:24 INFO  Started: Metals version 1.5.3 in folders '/home/nuessli/Projects/Datuman/play-geojson' for client Visual Studio Code 1.99.3.
2025.06.01 14:48:25 WARN  Unsupported sbt version 0.13.16
2025.06.01 14:48:25 WARN  Build server is not auto-connectable.
2025.06.01 14:48:28 WARN  Unsupported sbt version 0.13.16
2025.06.01 14:48:28 WARN  Build server is not auto-connectable.
2025.06.01 14:48:28 INFO  no build target found for /home/nuessli/Projects/Datuman/play-geojson/project/plugins.sbt. Using presentation compiler with project's scala-library version: 3.3.6
2025.06.01 14:48:28 WARN  no build target for: /home/nuessli/Projects/Datuman/play-geojson/build.sbt
2025.06.01 14:48:28 WARN  no build target for: /home/nuessli/Projects/Datuman/play-geojson/version.sbt
2025.06.01 14:48:28 WARN  no build target for: /home/nuessli/Projects/Datuman/play-geojson/project/plugins.sbt
2025.06.01 14:48:29 INFO  no build target found for /home/nuessli/Projects/Datuman/play-geojson/build.sbt. Using presentation compiler with project's scala-library version: 3.3.6
2025.06.01 14:48:30 INFO  no build target found for /home/nuessli/Projects/Datuman/play-geojson/version.sbt. Using presentation compiler with project's scala-library version: 3.3.6
2025.06.01 14:52:21 INFO  no build target found for /home/nuessli/Projects/Datuman/play-geojson/build.sbt. Using presentation compiler with project's scala-library version: 3.3.6
2025.06.01 14:52:21 WARN  no build target for: /home/nuessli/Projects/Datuman/play-geojson/build.sbt
2025.06.01 14:52:21 WARN  Unsupported sbt version 0.13.16
2025.06.01 14:52:21 WARN  no build target for: /home/nuessli/Projects/Datuman/play-geojson/version.sbt
2025.06.01 14:52:21 WARN  no build target for: /home/nuessli/Projects/Datuman/play-geojson/project/plugins.sbt
2025.06.01 14:52:21 WARN  Build server is not auto-connectable.
2025.06.01 14:52:21 INFO  no build target found for /home/nuessli/Projects/Datuman/play-geojson/project/plugins.sbt. Using presentation compiler with project's scala-library version: 3.3.6
2025.06.01 14:52:21 INFO  no build target found for /home/nuessli/Projects/Datuman/play-geojson/version.sbt. Using presentation compiler with project's scala-library version: 3.3.6
2025.06.01 14:52:51 WARN  no build target for: /home/nuessli/Projects/Datuman/play-geojson/version.sbt
2025.06.01 14:52:51 WARN  no build target for: /home/nuessli/Projects/Datuman/play-geojson/build.sbt
2025.06.01 14:52:51 WARN  no build target for: /home/nuessli/Projects/Datuman/play-geojson/project/plugins.sbt
2025.06.01 14:52:51 INFO  no build target found for /home/nuessli/Projects/Datuman/play-geojson/build.sbt. Using presentation compiler with project's scala-library version: 3.3.6
2025.06.01 14:52:51 INFO  no build target found for /home/nuessli/Projects/Datuman/play-geojson/project/plugins.sbt. Using presentation compiler with project's scala-library version: 3.3.6
2025.06.01 14:53:00 WARN  no build target for: /home/nuessli/Projects/Datuman/play-geojson/build.sbt
2025.06.01 14:53:00 INFO  no build target found for /home/nuessli/Projects/Datuman/play-geojson/build.sbt. Using presentation compiler with project's scala-library version: 3.3.6
2025.06.01 14:53:00 INFO  no build target found for /home/nuessli/Projects/Datuman/play-geojson/build.sbt. Using presentation compiler with project's scala-library version: 3.3.6
2025.06.01 14:53:01 INFO  no build target found for /home/nuessli/Projects/Datuman/play-geojson/build.sbt. Using presentation compiler with project's scala-library version: 3.3.6
2025.06.01 14:53:04 INFO  no build target found for /home/nuessli/Projects/Datuman/play-geojson/build.sbt. Using presentation compiler with project's scala-library version: 3.3.6
2025.06.01 14:53:04 INFO  no build target found for /home/nuessli/Projects/Datuman/play-geojson/build.sbt. Using presentation compiler with project's scala-library version: 3.3.6
2025.06.01 14:53:11 INFO  no build target found for /home/nuessli/Projects/Datuman/play-geojson/build.sbt. Using presentation compiler with project's scala-library version: 3.3.6
2025.06.01 14:53:16 INFO  no build target found for /home/nuessli/Projects/Datuman/play-geojson/build.sbt. Using presentation compiler with project's scala-library version: 3.3.6
2025.06.01 14:53:16 INFO  no build target found for /home/nuessli/Projects/Datuman/play-geojson/build.sbt. Using presentation compiler with project's scala-library version: 3.3.6
2025.06.01 14:53:17 INFO  no build target found for /home/nuessli/Projects/Datuman/play-geojson/build.sbt. Using presentation compiler with project's scala-library version: 3.3.6
2025.06.01 14:53:17 INFO  no build target found for /home/nuessli/Projects/Datuman/play-geojson/build.sbt. Using presentation compiler with project's scala-library version: 3.3.6
2025.06.01 14:53:18 WARN  no build target for: /home/nuessli/Projects/Datuman/play-geojson/build.sbt
2025.06.01 14:53:18 INFO  no build target found for /home/nuessli/Projects/Datuman/play-geojson/build.sbt. Using presentation compiler with project's scala-library version: 3.3.6
2025.06.01 14:53:18 INFO  no build target found for /home/nuessli/Projects/Datuman/play-geojson/build.sbt. Using presentation compiler with project's scala-library version: 3.3.6
2025.06.01 14:53:19 INFO  no build target found for /home/nuessli/Projects/Datuman/play-geojson/build.sbt. Using presentation compiler with project's scala-library version: 3.3.6
2025.06.01 14:53:19 INFO  no build target found for /home/nuessli/Projects/Datuman/play-geojson/build.sbt. Using presentation compiler with project's scala-library version: 3.3.6
2025.06.01 14:53:19 INFO  no build target found for /home/nuessli/Projects/Datuman/play-geojson/build.sbt. Using presentation compiler with project's scala-library version: 3.3.6
2025.06.01 14:53:20 INFO  no build target found for /home/nuessli/Projects/Datuman/play-geojson/build.sbt. Using presentation compiler with project's scala-library version: 3.3.6
2025.06.01 14:53:20 INFO  no build target found for /home/nuessli/Projects/Datuman/play-geojson/build.sbt. Using presentation compiler with project's scala-library version: 3.3.6
2025.06.01 14:53:20 INFO  no build target found for /home/nuessli/Projects/Datuman/play-geojson/build.sbt. Using presentation compiler with project's scala-library version: 3.3.6
2025.06.01 14:53:35 INFO  no build target found for /home/nuessli/Projects/Datuman/play-geojson/build.sbt. Using presentation compiler with project's scala-library version: 3.3.6
2025.06.01 14:53:37 INFO  no build target found for /home/nuessli/Projects/Datuman/play-geojson/build.sbt. Using presentation compiler with project's scala-library version: 3.3.6
2025.06.01 14:53:37 INFO  no build target found for /home/nuessli/Projects/Datuman/play-geojson/build.sbt. Using presentation compiler with project's scala-library version: 3.3.6
2025.06.01 14:53:38 INFO  no build target found for /home/nuessli/Projects/Datuman/play-geojson/build.sbt. Using presentation compiler with project's scala-library version: 3.3.6
2025.06.01 14:53:40 INFO  no build target found for /home/nuessli/Projects/Datuman/play-geojson/build.sbt. Using presentation compiler with project's scala-library version: 3.3.6
2025.06.01 14:53:40 INFO  no build target found for /home/nuessli/Projects/Datuman/play-geojson/build.sbt. Using presentation compiler with project's scala-library version: 3.3.6
2025.06.01 14:53:40 INFO  no build target found for /home/nuessli/Projects/Datuman/play-geojson/build.sbt. Using presentation compiler with project's scala-library version: 3.3.6
2025.06.01 14:53:55 INFO  no build target found for /home/nuessli/Projects/Datuman/play-geojson/build.sbt. Using presentation compiler with project's scala-library version: 3.3.6
2025.06.01 14:53:56 INFO  no build target found for /home/nuessli/Projects/Datuman/play-geojson/build.sbt. Using presentation compiler with project's scala-library version: 3.3.6
2025.06.01 14:53:56 INFO  no build target found for /home/nuessli/Projects/Datuman/play-geojson/build.sbt. Using presentation compiler with project's scala-library version: 3.3.6
2025.06.01 14:54:02 INFO  no build target found for /home/nuessli/Projects/Datuman/play-geojson/build.sbt. Using presentation compiler with project's scala-library version: 3.3.6
2025.06.01 14:54:11 INFO  no build target found for /home/nuessli/Projects/Datuman/play-geojson/build.sbt. Using presentation compiler with project's scala-library version: 3.3.6
2025.06.01 14:54:11 INFO  no build target found for /home/nuessli/Projects/Datuman/play-geojson/build.sbt. Using presentation compiler with project's scala-library version: 3.3.6
2025.06.01 14:54:12 INFO  no build target found for /home/nuessli/Projects/Datuman/play-geojson/build.sbt. Using presentation compiler with project's scala-library version: 3.3.6
2025.06.01 14:54:12 INFO  no build target found for /home/nuessli/Projects/Datuman/play-geojson/build.sbt. Using presentation compiler with project's scala-library version: 3.3.6
2025.06.01 14:54:14 INFO  no build target found for /home/nuessli/Projects/Datuman/play-geojson/build.sbt. Using presentation compiler with project's scala-library version: 3.3.6
2025.06.01 14:54:18 INFO  no build target found for /home/nuessli/Projects/Datuman/play-geojson/build.sbt. Using presentation compiler with project's scala-library version: 3.3.6
2025.06.01 14:54:18 INFO  no build target found for /home/nuessli/Projects/Datuman/play-geojson/build.sbt. Using presentation compiler with project's scala-library version: 3.3.6
2025.06.01 14:54:18 INFO  no build target found for /home/nuessli/Projects/Datuman/play-geojson/build.sbt. Using presentation compiler with project's scala-library version: 3.3.6
2025.06.01 14:54:18 INFO  no build target found for /home/nuessli/Projects/Datuman/play-geojson/build.sbt. Using presentation compiler with project's scala-library version: 3.3.6
2025.06.01 14:54:18 WARN  no build target for: /home/nuessli/Projects/Datuman/play-geojson/build.sbt
2025.06.01 14:54:19 INFO  no build target found for /home/nuessli/Projects/Datuman/play-geojson/build.sbt. Using presentation compiler with project's scala-library version: 3.3.6
2025.06.01 14:54:19 INFO  no build target found for /home/nuessli/Projects/Datuman/play-geojson/build.sbt. Using presentation compiler with project's scala-library version: 3.3.6
2025.06.01 14:54:19 INFO  no build target found for /home/nuessli/Projects/Datuman/play-geojson/build.sbt. Using presentation compiler with project's scala-library version: 3.3.6
2025.06.01 14:54:19 INFO  no build target found for /home/nuessli/Projects/Datuman/play-geojson/build.sbt. Using presentation compiler with project's scala-library version: 3.3.6
2025.06.01 14:54:19 INFO  no build target found for /home/nuessli/Projects/Datuman/play-geojson/build.sbt. Using presentation compiler with project's scala-library version: 3.3.6
2025.06.01 14:54:19 INFO  no build target found for /home/nuessli/Projects/Datuman/play-geojson/build.sbt. Using presentation compiler with project's scala-library version: 3.3.6
2025.06.01 14:54:22 INFO  no build target found for /home/nuessli/Projects/Datuman/play-geojson/build.sbt. Using presentation compiler with project's scala-library version: 3.3.6
2025.06.01 14:54:22 INFO  no build target found for /home/nuessli/Projects/Datuman/play-geojson/build.sbt. Using presentation compiler with project's scala-library version: 3.3.6
2025.06.01 14:54:25 INFO  no build target found for /home/nuessli/Projects/Datuman/play-geojson/build.sbt. Using presentation compiler with project's scala-library version: 3.3.6
2025.06.01 14:54:27 INFO  no build target found for /home/nuessli/Projects/Datuman/play-geojson/build.sbt. Using presentation compiler with project's scala-library version: 3.3.6
2025.06.01 14:54:27 INFO  no build target found for /home/nuessli/Projects/Datuman/play-geojson/build.sbt. Using presentation compiler with project's scala-library version: 3.3.6
2025.06.01 14:54:29 INFO  no build target found for /home/nuessli/Projects/Datuman/play-geojson/build.sbt. Using presentation compiler with project's scala-library version: 3.3.6
2025.06.01 14:54:29 INFO  no build target found for /home/nuessli/Projects/Datuman/play-geojson/build.sbt. Using presentation compiler with project's scala-library version: 3.3.6
2025.06.01 14:54:30 INFO  no build target found for /home/nuessli/Projects/Datuman/play-geojson/build.sbt. Using presentation compiler with project's scala-library version: 3.3.6
2025.06.01 14:54:31 INFO  no build target found for /home/nuessli/Projects/Datuman/play-geojson/build.sbt. Using presentation compiler with project's scala-library version: 3.3.6
2025.06.01 14:54:31 INFO  no build target found for /home/nuessli/Projects/Datuman/play-geojson/build.sbt. Using presentation compiler with project's scala-library version: 3.3.6
2025.06.01 14:54:34 INFO  no build target found for /home/nuessli/Projects/Datuman/play-geojson/build.sbt. Using presentation compiler with project's scala-library version: 3.3.6
2025.06.01 14:54:34 INFO  no build target found for /home/nuessli/Projects/Datuman/play-geojson/build.sbt. Using presentation compiler with project's scala-library version: 3.3.6
2025.06.01 14:54:34 INFO  no build target found for /home/nuessli/Projects/Datuman/play-geojson/build.sbt. Using presentation compiler with project's scala-library version: 3.3.6
2025.06.01 14:54:34 WARN  Could not find semantic tokens for: file:///home/nuessli/Projects/Datuman/play-geojson/build.sbt
2025.06.01 14:54:35 WARN  no build target for: /home/nuessli/Projects/Datuman/play-geojson/build.sbt
2025.06.01 14:54:35 INFO  no build target found for /home/nuessli/Projects/Datuman/play-geojson/build.sbt. Using presentation compiler with project's scala-library version: 3.3.6
2025.06.01 14:54:35 WARN  Could not find semantic tokens for: file:///home/nuessli/Projects/Datuman/play-geojson/build.sbt
2025.06.01 14:54:35 INFO  no build target found for /home/nuessli/Projects/Datuman/play-geojson/build.sbt. Using presentation compiler with project's scala-library version: 3.3.6
2025.06.01 14:54:35 WARN  Could not find semantic tokens for: file:///home/nuessli/Projects/Datuman/play-geojson/build.sbt
2025.06.01 14:54:36 INFO  no build target found for /home/nuessli/Projects/Datuman/play-geojson/build.sbt. Using presentation compiler with project's scala-library version: 3.3.6
2025.06.01 14:54:36 INFO  no build target found for /home/nuessli/Projects/Datuman/play-geojson/build.sbt. Using presentation compiler with project's scala-library version: 3.3.6
2025.06.01 14:54:36 INFO  no build target found for /home/nuessli/Projects/Datuman/play-geojson/build.sbt. Using presentation compiler with project's scala-library version: 3.3.6
2025.06.01 14:54:40 INFO  no build target found for /home/nuessli/Projects/Datuman/play-geojson/build.sbt. Using presentation compiler with project's scala-library version: 3.3.6
2025.06.01 14:54:41 INFO  no build target found for /home/nuessli/Projects/Datuman/play-geojson/build.sbt. Using presentation compiler with project's scala-library version: 3.3.6
2025.06.01 14:54:41 INFO  no build target found for /home/nuessli/Projects/Datuman/play-geojson/build.sbt. Using presentation compiler with project's scala-library version: 3.3.6
2025.06.01 14:54:43 INFO  no build target found for /home/nuessli/Projects/Datuman/play-geojson/build.sbt. Using presentation compiler with project's scala-library version: 3.3.6
2025.06.01 14:54:43 INFO  no build target found for /home/nuessli/Projects/Datuman/play-geojson/build.sbt. Using presentation compiler with project's scala-library version: 3.3.6
2025.06.01 14:54:44 INFO  no build target found for /home/nuessli/Projects/Datuman/play-geojson/build.sbt. Using presentation compiler with project's scala-library version: 3.3.6
2025.06.01 14:54:44 INFO  no build target found for /home/nuessli/Projects/Datuman/play-geojson/build.sbt. Using presentation compiler with project's scala-library version: 3.3.6
2025.06.01 14:54:43 INFO  no build target found for /home/nuessli/Projects/Datuman/play-geojson/build.sbt. Using presentation compiler with project's scala-library version: 3.3.6
2025.06.01 14:54:44 WARN  no build target for: /home/nuessli/Projects/Datuman/play-geojson/build.sbt
2025.06.01 14:54:44 INFO  no build target found for /home/nuessli/Projects/Datuman/play-geojson/build.sbt. Using presentation compiler with project's scala-library version: 3.3.6
2025.06.01 14:54:44 WARN  Could not find semantic tokens for: file:///home/nuessli/Projects/Datuman/play-geojson/build.sbt
2025.06.01 14:54:45 INFO  no build target found for /home/nuessli/Projects/Datuman/play-geojson/build.sbt. Using presentation compiler with project's scala-library version: 3.3.6
2025.06.01 14:54:45 INFO  no build target found for /home/nuessli/Projects/Datuman/play-geojson/build.sbt. Using presentation compiler with project's scala-library version: 3.3.6
2025.06.01 14:54:45 WARN  Could not find semantic tokens for: file:///home/nuessli/Projects/Datuman/play-geojson/build.sbt
2025.06.01 14:54:45 INFO  no build target found for /home/nuessli/Projects/Datuman/play-geojson/build.sbt. Using presentation compiler with project's scala-library version: 3.3.6
2025.06.01 14:54:45 INFO  no build target found for /home/nuessli/Projects/Datuman/play-geojson/build.sbt. Using presentation compiler with project's scala-library version: 3.3.6
2025.06.01 14:54:45 INFO  no build target found for /home/nuessli/Projects/Datuman/play-geojson/build.sbt. Using presentation compiler with project's scala-library version: 3.3.6
2025.06.01 14:54:46 INFO  no build target found for /home/nuessli/Projects/Datuman/play-geojson/build.sbt. Using presentation compiler with project's scala-library version: 3.3.6
2025.06.01 14:54:46 INFO  no build target found for /home/nuessli/Projects/Datuman/play-geojson/build.sbt. Using presentation compiler with project's scala-library version: 3.3.6
2025.06.01 14:54:46 INFO  no build target found for /home/nuessli/Projects/Datuman/play-geojson/build.sbt. Using presentation compiler with project's scala-library version: 3.3.6
2025.06.01 14:54:46 INFO  no build target found for /home/nuessli/Projects/Datuman/play-geojson/build.sbt. Using presentation compiler with project's scala-library version: 3.3.6
2025.06.01 14:54:46 INFO  no build target found for /home/nuessli/Projects/Datuman/play-geojson/build.sbt. Using presentation compiler with project's scala-library version: 3.3.6
2025.06.01 14:54:46 WARN  Could not find semantic tokens for: file:///home/nuessli/Projects/Datuman/play-geojson/build.sbt
2025.06.01 14:54:46 INFO  no build target found for /home/nuessli/Projects/Datuman/play-geojson/build.sbt. Using presentation compiler with project's scala-library version: 3.3.6
2025.06.01 14:54:46 INFO  no build target found for /home/nuessli/Projects/Datuman/play-geojson/build.sbt. Using presentation compiler with project's scala-library version: 3.3.6
2025.06.01 14:54:46 INFO  no build target found for /home/nuessli/Projects/Datuman/play-geojson/build.sbt. Using presentation compiler with project's scala-library version: 3.3.6
2025.06.01 14:54:46 INFO  no build target found for /home/nuessli/Projects/Datuman/play-geojson/build.sbt. Using presentation compiler with project's scala-library version: 3.3.6
2025.06.01 14:54:46 WARN  Could not find semantic tokens for: file:///home/nuessli/Projects/Datuman/play-geojson/build.sbt
2025.06.01 14:54:47 WARN  no build target for: /home/nuessli/Projects/Datuman/play-geojson/build.sbt
2025.06.01 14:54:47 INFO  no build target found for /home/nuessli/Projects/Datuman/play-geojson/build.sbt. Using presentation compiler with project's scala-library version: 3.3.6
2025.06.01 14:54:47 WARN  Could not find semantic tokens for: file:///home/nuessli/Projects/Datuman/play-geojson/build.sbt
2025.06.01 14:54:47 INFO  no build target found for /home/nuessli/Projects/Datuman/play-geojson/build.sbt. Using presentation compiler with project's scala-library version: 3.3.6
2025.06.01 14:54:47 WARN  Could not find semantic tokens for: file:///home/nuessli/Projects/Datuman/play-geojson/build.sbt
2025.06.01 14:54:57 INFO  no build target found for /home/nuessli/Projects/Datuman/play-geojson/build.sbt. Using presentation compiler with project's scala-library version: 3.3.6
2025.06.01 14:54:57 INFO  no build target found for /home/nuessli/Projects/Datuman/play-geojson/build.sbt. Using presentation compiler with project's scala-library version: 3.3.6
2025.06.01 14:54:57 INFO  no build target found for /home/nuessli/Projects/Datuman/play-geojson/build.sbt. Using presentation compiler with project's scala-library version: 3.3.6
2025.06.01 14:55:00 INFO  no build target found for /home/nuessli/Projects/Datuman/play-geojson/build.sbt. Using presentation compiler with project's scala-library version: 3.3.6
2025.06.01 14:55:00 INFO  no build target found for /home/nuessli/Projects/Datuman/play-geojson/build.sbt. Using presentation compiler with project's scala-library version: 3.3.6
2025.06.01 14:55:01 INFO  no build target found for /home/nuessli/Projects/Datuman/play-geojson/build.sbt. Using presentation compiler with project's scala-library version: 3.3.6
2025.06.01 14:55:01 INFO  no build target found for /home/nuessli/Projects/Datuman/play-geojson/build.sbt. Using presentation compiler with project's scala-library version: 3.3.6
2025.06.01 14:55:01 INFO  no build target found for /home/nuessli/Projects/Datuman/play-geojson/build.sbt. Using presentation compiler with project's scala-library version: 3.3.6
2025.06.01 14:55:04 INFO  no build target found for /home/nuessli/Projects/Datuman/play-geojson/build.sbt. Using presentation compiler with project's scala-library version: 3.3.6
2025.06.01 14:55:04 INFO  no build target found for /home/nuessli/Projects/Datuman/play-geojson/build.sbt. Using presentation compiler with project's scala-library version: 3.3.6
2025.06.01 14:55:08 INFO  no build target found for /home/nuessli/Projects/Datuman/play-geojson/build.sbt. Using presentation compiler with project's scala-library version: 3.3.6
2025.06.01 14:55:08 INFO  no build target found for /home/nuessli/Projects/Datuman/play-geojson/build.sbt. Using presentation compiler with project's scala-library version: 3.3.6
2025.06.01 14:55:09 INFO  no build target found for /home/nuessli/Projects/Datuman/play-geojson/build.sbt. Using presentation compiler with project's scala-library version: 3.3.6
2025.06.01 14:55:11 INFO  no build target found for /home/nuessli/Projects/Datuman/play-geojson/build.sbt. Using presentation compiler with project's scala-library version: 3.3.6
2025.06.01 14:55:11 INFO  no build target found for /home/nuessli/Projects/Datuman/play-geojson/build.sbt. Using presentation compiler with project's scala-library version: 3.3.6
2025.06.01 14:55:11 INFO  no build target found for /home/nuessli/Projects/Datuman/play-geojson/build.sbt. Using presentation compiler with project's scala-library version: 3.3.6
2025.06.01 14:55:11 WARN  Could not find semantic tokens for: file:///home/nuessli/Projects/Datuman/play-geojson/build.sbt
2025.06.01 14:55:11 INFO  no build target found for /home/nuessli/Projects/Datuman/play-geojson/build.sbt. Using presentation compiler with project's scala-library version: 3.3.6
2025.06.01 14:55:12 INFO  no build target found for /home/nuessli/Projects/Datuman/play-geojson/build.sbt. Using presentation compiler with project's scala-library version: 3.3.6
2025.06.01 14:55:12 INFO  no build target found for /home/nuessli/Projects/Datuman/play-geojson/build.sbt. Using presentation compiler with project's scala-library version: 3.3.6
2025.06.01 14:55:12 INFO  no build target found for /home/nuessli/Projects/Datuman/play-geojson/build.sbt. Using presentation compiler with project's scala-library version: 3.3.6
2025.06.01 14:55:12 INFO  no build target found for /home/nuessli/Projects/Datuman/play-geojson/build.sbt. Using presentation compiler with project's scala-library version: 3.3.6
2025.06.01 14:55:13 INFO  no build target found for /home/nuessli/Projects/Datuman/play-geojson/build.sbt. Using presentation compiler with project's scala-library version: 3.3.6
2025.06.01 14:55:13 INFO  no build target found for /home/nuessli/Projects/Datuman/play-geojson/build.sbt. Using presentation compiler with project's scala-library version: 3.3.6
2025.06.01 14:55:12 INFO  no build target found for /home/nuessli/Projects/Datuman/play-geojson/build.sbt. Using presentation compiler with project's scala-library version: 3.3.6
2025.06.01 14:55:13 WARN  Could not find semantic tokens for: file:///home/nuessli/Projects/Datuman/play-geojson/build.sbt
2025.06.01 14:55:12 INFO  no build target found for /home/nuessli/Projects/Datuman/play-geojson/build.sbt. Using presentation compiler with project's scala-library version: 3.3.6
2025.06.01 14:55:13 INFO  no build target found for /home/nuessli/Projects/Datuman/play-geojson/build.sbt. Using presentation compiler with project's scala-library version: 3.3.6
2025.06.01 14:55:13 INFO  no build target found for /home/nuessli/Projects/Datuman/play-geojson/build.sbt. Using presentation compiler with project's scala-library version: 3.3.6
2025.06.01 14:55:13 INFO  no build target found for /home/nuessli/Projects/Datuman/play-geojson/build.sbt. Using presentation compiler with project's scala-library version: 3.3.6
2025.06.01 14:55:13 WARN  Could not find semantic tokens for: file:///home/nuessli/Projects/Datuman/play-geojson/build.sbt
2025.06.01 14:55:13 INFO  no build target found for /home/nuessli/Projects/Datuman/play-geojson/build.sbt. Using presentation compiler with project's scala-library version: 3.3.6
2025.06.01 14:55:13 INFO  no build target found for /home/nuessli/Projects/Datuman/play-geojson/build.sbt. Using presentation compiler with project's scala-library version: 3.3.6
2025.06.01 14:55:13 INFO  no build target found for /home/nuessli/Projects/Datuman/play-geojson/build.sbt. Using presentation compiler with project's scala-library version: 3.3.6
2025.06.01 14:55:14 INFO  no build target found for /home/nuessli/Projects/Datuman/play-geojson/build.sbt. Using presentation compiler with project's scala-library version: 3.3.6
2025.06.01 14:55:14 WARN  Could not find semantic tokens for: file:///home/nuessli/Projects/Datuman/play-geojson/build.sbt
2025.06.01 14:55:13 INFO  no build target found for /home/nuessli/Projects/Datuman/play-geojson/build.sbt. Using presentation compiler with project's scala-library version: 3.3.6
2025.06.01 14:55:14 INFO  no build target found for /home/nuessli/Projects/Datuman/play-geojson/build.sbt. Using presentation compiler with project's scala-library version: 3.3.6
2025.06.01 14:55:14 INFO  no build target found for /home/nuessli/Projects/Datuman/play-geojson/build.sbt. Using presentation compiler with project's scala-library version: 3.3.6
2025.06.01 14:55:14 INFO  no build target found for /home/nuessli/Projects/Datuman/play-geojson/build.sbt. Using presentation compiler with project's scala-library version: 3.3.6
2025.06.01 14:55:14 INFO  no build target found for /home/nuessli/Projects/Datuman/play-geojson/build.sbt. Using presentation compiler with project's scala-library version: 3.3.6
2025.06.01 14:55:14 INFO  no build target found for /home/nuessli/Projects/Datuman/play-geojson/build.sbt. Using presentation compiler with project's scala-library version: 3.3.6
2025.06.01 14:55:14 INFO  no build target found for /home/nuessli/Projects/Datuman/play-geojson/build.sbt. Using presentation compiler with project's scala-library version: 3.3.6
2025.06.01 14:55:15 INFO  no build target found for /home/nuessli/Projects/Datuman/play-geojson/build.sbt. Using presentation compiler with project's scala-library version: 3.3.6
2025.06.01 14:55:15 WARN  Could not find semantic tokens for: file:///home/nuessli/Projects/Datuman/play-geojson/build.sbt
2025.06.01 14:55:16 WARN  no build target for: /home/nuessli/Projects/Datuman/play-geojson/build.sbt
2025.06.01 14:55:16 INFO  no build target found for /home/nuessli/Projects/Datuman/play-geojson/build.sbt. Using presentation compiler with project's scala-library version: 3.3.6
2025.06.01 14:55:16 WARN  Could not find semantic tokens for: file:///home/nuessli/Projects/Datuman/play-geojson/build.sbt
2025.06.01 14:55:16 INFO  no build target found for /home/nuessli/Projects/Datuman/play-geojson/build.sbt. Using presentation compiler with project's scala-library version: 3.3.6
2025.06.01 14:55:16 WARN  Could not find semantic tokens for: file:///home/nuessli/Projects/Datuman/play-geojson/build.sbt
2025.06.01 14:55:16 INFO  no build target found for /home/nuessli/Projects/Datuman/play-geojson/build.sbt. Using presentation compiler with project's scala-library version: 3.3.6
2025.06.01 14:55:16 INFO  no build target found for /home/nuessli/Projects/Datuman/play-geojson/build.sbt. Using presentation compiler with project's scala-library version: 3.3.6
2025.06.01 14:55:16 INFO  no build target found for /home/nuessli/Projects/Datuman/play-geojson/build.sbt. Using presentation compiler with project's scala-library version: 3.3.6
2025.06.01 14:55:17 INFO  no build target found for /home/nuessli/Projects/Datuman/play-geojson/build.sbt. Using presentation compiler with project's scala-library version: 3.3.6
2025.06.01 14:55:17 INFO  no build target found for /home/nuessli/Projects/Datuman/play-geojson/build.sbt. Using presentation compiler with project's scala-library version: 3.3.6
2025.06.01 14:55:19 INFO  no build target found for /home/nuessli/Projects/Datuman/play-geojson/build.sbt. Using presentation compiler with project's scala-library version: 3.3.6
2025.06.01 14:55:22 INFO  no build target found for /home/nuessli/Projects/Datuman/play-geojson/build.sbt. Using presentation compiler with project's scala-library version: 3.3.6
2025.06.01 14:55:22 INFO  no build target found for /home/nuessli/Projects/Datuman/play-geojson/build.sbt. Using presentation compiler with project's scala-library version: 3.3.6
2025.06.01 14:55:22 INFO  no build target found for /home/nuessli/Projects/Datuman/play-geojson/build.sbt. Using presentation compiler with project's scala-library version: 3.3.6
2025.06.01 14:55:22 INFO  no build target found for /home/nuessli/Projects/Datuman/play-geojson/build.sbt. Using presentation compiler with project's scala-library version: 3.3.6
2025.06.01 14:55:22 INFO  no build target found for /home/nuessli/Projects/Datuman/play-geojson/build.sbt. Using presentation compiler with project's scala-library version: 3.3.6
2025.06.01 14:55:22 WARN  Could not find semantic tokens for: file:///home/nuessli/Projects/Datuman/play-geojson/build.sbt
2025.06.01 14:55:22 INFO  no build target found for /home/nuessli/Projects/Datuman/play-geojson/build.sbt. Using presentation compiler with project's scala-library version: 3.3.6
2025.06.01 14:55:22 INFO  no build target found for /home/nuessli/Projects/Datuman/play-geojson/build.sbt. Using presentation compiler with project's scala-library version: 3.3.6
2025.06.01 14:55:22 INFO  no build target found for /home/nuessli/Projects/Datuman/play-geojson/build.sbt. Using presentation compiler with project's scala-library version: 3.3.6
2025.06.01 14:55:22 INFO  no build target found for /home/nuessli/Projects/Datuman/play-geojson/build.sbt. Using presentation compiler with project's scala-library version: 3.3.6
2025.06.01 14:55:22 WARN  Could not find semantic tokens for: file:///home/nuessli/Projects/Datuman/play-geojson/build.sbt
2025.06.01 14:55:22 WARN  no build target for: /home/nuessli/Projects/Datuman/play-geojson/build.sbt
2025.06.01 14:55:23 INFO  no build target found for /home/nuessli/Projects/Datuman/play-geojson/build.sbt. Using presentation compiler with project's scala-library version: 3.3.6
2025.06.01 14:55:23 WARN  Could not find semantic tokens for: file:///home/nuessli/Projects/Datuman/play-geojson/build.sbt
2025.06.01 14:55:23 INFO  no build target found for /home/nuessli/Projects/Datuman/play-geojson/build.sbt. Using presentation compiler with project's scala-library version: 3.3.6
2025.06.01 14:55:23 INFO  no build target found for /home/nuessli/Projects/Datuman/play-geojson/build.sbt. Using presentation compiler with project's scala-library version: 3.3.6
2025.06.01 14:55:23 WARN  Could not find semantic tokens for: file:///home/nuessli/Projects/Datuman/play-geojson/build.sbt
2025.06.01 14:55:23 INFO  no build target found for /home/nuessli/Projects/Datuman/play-geojson/build.sbt. Using presentation compiler with project's scala-library version: 3.3.6
2025.06.01 14:55:26 INFO  no build target found for /home/nuessli/Projects/Datuman/play-geojson/build.sbt. Using presentation compiler with project's scala-library version: 3.3.6
2025.06.01 14:55:26 INFO  no build target found for /home/nuessli/Projects/Datuman/play-geojson/build.sbt. Using presentation compiler with project's scala-library version: 3.3.6
2025.06.01 14:55:28 INFO  no build target found for /home/nuessli/Projects/Datuman/play-geojson/build.sbt. Using presentation compiler with project's scala-library version: 3.3.6
2025.06.01 14:55:28 INFO  no build target found for /home/nuessli/Projects/Datuman/play-geojson/build.sbt. Using presentation compiler with project's scala-library version: 3.3.6
2025.06.01 14:55:28 INFO  no build target found for /home/nuessli/Projects/Datuman/play-geojson/build.sbt. Using presentation compiler with project's scala-library version: 3.3.6
2025.06.01 14:55:28 INFO  no build target found for /home/nuessli/Projects/Datuman/play-geojson/build.sbt. Using presentation compiler with project's scala-library version: 3.3.6
2025.06.01 14:55:29 INFO  no build target found for /home/nuessli/Projects/Datuman/play-geojson/build.sbt. Using presentation compiler with project's scala-library version: 3.3.6
2025.06.01 14:55:29 INFO  no build target found for /home/nuessli/Projects/Datuman/play-geojson/build.sbt. Using presentation compiler with project's scala-library version: 3.3.6
2025.06.01 14:55:28 INFO  no build target found for /home/nuessli/Projects/Datuman/play-geojson/build.sbt. Using presentation compiler with project's scala-library version: 3.3.6
Jun 01, 2025 2:55:29 PM scala.meta.internal.metals.StdReporter $anonfun$create$1
WARNING: empty definition using pc, found symbol in pc:  (full report at: /home/nuessli/Projects/Datuman/play-geojson/.metals/.reports/metals-full/2025-06-01/r_empty-definition_14-55-29-171.md)
2025.06.01 14:55:29 INFO  no build target found for /home/nuessli/Projects/Datuman/play-geojson/build.sbt. Using presentation compiler with project's scala-library version: 3.3.6
2025.06.01 14:55:29 INFO  no build target found for /home/nuessli/Projects/Datuman/play-geojson/build.sbt. Using presentation compiler with project's scala-library version: 3.3.6
2025.06.01 14:55:29 INFO  no build target found for /home/nuessli/Projects/Datuman/play-geojson/build.sbt. Using presentation compiler with project's scala-library version: 3.3.6
2025.06.01 14:55:29 INFO  no build target found for /home/nuessli/Projects/Datuman/play-geojson/build.sbt. Using presentation compiler with project's scala-library version: 3.3.6
2025.06.01 14:55:29 INFO  no build target found for /home/nuessli/Projects/Datuman/play-geojson/build.sbt. Using presentation compiler with project's scala-library version: 3.3.6
2025.06.01 14:55:29 INFO  no build target found for /home/nuessli/Projects/Datuman/play-geojson/build.sbt. Using presentation compiler with project's scala-library version: 3.3.6
2025.06.01 14:55:30 INFO  no build target found for /home/nuessli/Projects/Datuman/play-geojson/build.sbt. Using presentation compiler with project's scala-library version: 3.3.6
2025.06.01 14:55:30 INFO  no build target found for /home/nuessli/Projects/Datuman/play-geojson/build.sbt. Using presentation compiler with project's scala-library version: 3.3.6
Jun 01, 2025 2:55:30 PM scala.meta.internal.metals.StdReporter $anonfun$create$1
WARNING: empty definition using pc, found symbol in pc:  (full report at: /home/nuessli/Projects/Datuman/play-geojson/.metals/.reports/metals-full/2025-06-01/r_empty-definition_14-55-29-171.md)
2025.06.01 14:55:30 INFO  no build target found for /home/nuessli/Projects/Datuman/play-geojson/build.sbt. Using presentation compiler with project's scala-library version: 3.3.6
2025.06.01 14:55:30 INFO  no build target found for /home/nuessli/Projects/Datuman/play-geojson/build.sbt. Using presentation compiler with project's scala-library version: 3.3.6
2025.06.01 14:55:30 WARN  Could not find semantic tokens for: file:///home/nuessli/Projects/Datuman/play-geojson/build.sbt
2025.06.01 14:55:30 WARN  no build target for: /home/nuessli/Projects/Datuman/play-geojson/build.sbt
2025.06.01 14:55:31 INFO  no build target found for /home/nuessli/Projects/Datuman/play-geojson/build.sbt. Using presentation compiler with project's scala-library version: 3.3.6
2025.06.01 14:55:31 WARN  Could not find semantic tokens for: file:///home/nuessli/Projects/Datuman/play-geojson/build.sbt
2025.06.01 14:55:31 INFO  no build target found for /home/nuessli/Projects/Datuman/play-geojson/build.sbt. Using presentation compiler with project's scala-library version: 3.3.6
2025.06.01 14:55:31 WARN  Could not find semantic tokens for: file:///home/nuessli/Projects/Datuman/play-geojson/build.sbt
2025.06.01 14:55:31 INFO  no build target found for /home/nuessli/Projects/Datuman/play-geojson/build.sbt. Using presentation compiler with project's scala-library version: 3.3.6
2025.06.01 14:55:31 INFO  no build target found for /home/nuessli/Projects/Datuman/play-geojson/build.sbt. Using presentation compiler with project's scala-library version: 3.3.6
2025.06.01 14:55:33 INFO  no build target found for /home/nuessli/Projects/Datuman/play-geojson/build.sbt. Using presentation compiler with project's scala-library version: 3.3.6
2025.06.01 14:55:33 INFO  no build target found for /home/nuessli/Projects/Datuman/play-geojson/build.sbt. Using presentation compiler with project's scala-library version: 3.3.6
2025.06.01 14:55:33 INFO  no build target found for /home/nuessli/Projects/Datuman/play-geojson/build.sbt. Using presentation compiler with project's scala-library version: 3.3.6
2025.06.01 14:55:33 INFO  no build target found for /home/nuessli/Projects/Datuman/play-geojson/build.sbt. Using presentation compiler with project's scala-library version: 3.3.6
2025.06.01 14:55:33 WARN  Could not find semantic tokens for: file:///home/nuessli/Projects/Datuman/play-geojson/build.sbt
2025.06.01 14:55:34 WARN  no build target for: /home/nuessli/Projects/Datuman/play-geojson/build.sbt
2025.06.01 14:55:33 INFO  no build target found for /home/nuessli/Projects/Datuman/play-geojson/build.sbt. Using presentation compiler with project's scala-library version: 3.3.6
2025.06.01 14:55:33 WARN  Could not find semantic tokens for: file:///home/nuessli/Projects/Datuman/play-geojson/build.sbt
2025.06.01 14:55:34 INFO  no build target found for /home/nuessli/Projects/Datuman/play-geojson/build.sbt. Using presentation compiler with project's scala-library version: 3.3.6
2025.06.01 14:55:34 INFO  no build target found for /home/nuessli/Projects/Datuman/play-geojson/build.sbt. Using presentation compiler with project's scala-library version: 3.3.6
2025.06.01 14:55:34 WARN  Could not find semantic tokens for: file:///home/nuessli/Projects/Datuman/play-geojson/build.sbt
2025.06.01 14:55:34 INFO  no build target found for /home/nuessli/Projects/Datuman/play-geojson/build.sbt. Using presentation compiler with project's scala-library version: 3.3.6
2025.06.01 14:55:35 INFO  no build target found for /home/nuessli/Projects/Datuman/play-geojson/build.sbt. Using presentation compiler with project's scala-library version: 3.3.6
2025.06.01 14:55:35 INFO  no build target found for /home/nuessli/Projects/Datuman/play-geojson/build.sbt. Using presentation compiler with project's scala-library version: 3.3.6
2025.06.01 14:55:36 INFO  no build target found for /home/nuessli/Projects/Datuman/play-geojson/build.sbt. Using presentation compiler with project's scala-library version: 3.3.6
2025.06.01 14:55:37 INFO  no build target found for /home/nuessli/Projects/Datuman/play-geojson/build.sbt. Using presentation compiler with project's scala-library version: 3.3.6
Jun 01, 2025 2:55:37 PM scala.meta.internal.metals.StdReporter $anonfun$create$1
WARNING: empty definition using pc, found symbol in pc:  (full report at: /home/nuessli/Projects/Datuman/play-geojson/.metals/.reports/metals-full/2025-06-01/r_empty-definition_14-55-29-171.md)
2025.06.01 14:55:36 INFO  no build target found for /home/nuessli/Projects/Datuman/play-geojson/build.sbt. Using presentation compiler with project's scala-library version: 3.3.6
2025.06.01 14:55:37 INFO  no build target found for /home/nuessli/Projects/Datuman/play-geojson/build.sbt. Using presentation compiler with project's scala-library version: 3.3.6
2025.06.01 14:55:37 INFO  no build target found for /home/nuessli/Projects/Datuman/play-geojson/build.sbt. Using presentation compiler with project's scala-library version: 3.3.6
2025.06.01 14:55:37 INFO  no build target found for /home/nuessli/Projects/Datuman/play-geojson/build.sbt. Using presentation compiler with project's scala-library version: 3.3.6
2025.06.01 14:55:37 WARN  Could not find semantic tokens for: file:///home/nuessli/Projects/Datuman/play-geojson/build.sbt
2025.06.01 14:55:38 WARN  no build target for: /home/nuessli/Projects/Datuman/play-geojson/build.sbt
2025.06.01 14:55:37 INFO  no build target found for /home/nuessli/Projects/Datuman/play-geojson/build.sbt. Using presentation compiler with project's scala-library version: 3.3.6
2025.06.01 14:55:37 WARN  Could not find semantic tokens for: file:///home/nuessli/Projects/Datuman/play-geojson/build.sbt
2025.06.01 14:55:37 INFO  no build target found for /home/nuessli/Projects/Datuman/play-geojson/build.sbt. Using presentation compiler with project's scala-library version: 3.3.6
2025.06.01 14:55:38 INFO  no build target found for /home/nuessli/Projects/Datuman/play-geojson/build.sbt. Using presentation compiler with project's scala-library version: 3.3.6
2025.06.01 14:55:38 WARN  Could not find semantic tokens for: file:///home/nuessli/Projects/Datuman/play-geojson/build.sbt
2025.06.01 14:55:39 INFO  no build target found for /home/nuessli/Projects/Datuman/play-geojson/build.sbt. Using presentation compiler with project's scala-library version: 3.3.6
2025.06.01 14:55:39 INFO  no build target found for /home/nuessli/Projects/Datuman/play-geojson/build.sbt. Using presentation compiler with project's scala-library version: 3.3.6
2025.06.01 14:55:40 INFO  no build target found for /home/nuessli/Projects/Datuman/play-geojson/build.sbt. Using presentation compiler with project's scala-library version: 3.3.6
Jun 01, 2025 2:55:40 PM org.eclipse.lsp4j.jsonrpc.RemoteEndpoint handleCancellation
WARNING: Unmatched cancel notification for request id 329
2025.06.01 14:55:42 INFO  no build target found for /home/nuessli/Projects/Datuman/play-geojson/build.sbt. Using presentation compiler with project's scala-library version: 3.3.6
2025.06.01 14:55:42 WARN  no build target for: /home/nuessli/Projects/Datuman/play-geojson/build.sbt
2025.06.01 14:55:43 INFO  no build target found for /home/nuessli/Projects/Datuman/play-geojson/build.sbt. Using presentation compiler with project's scala-library version: 3.3.6
2025.06.01 14:55:43 WARN  Could not find semantic tokens for: file:///home/nuessli/Projects/Datuman/play-geojson/build.sbt
2025.06.01 14:55:42 INFO  no build target found for /home/nuessli/Projects/Datuman/play-geojson/build.sbt. Using presentation compiler with project's scala-library version: 3.3.6
2025.06.01 14:55:43 INFO  no build target found for /home/nuessli/Projects/Datuman/play-geojson/build.sbt. Using presentation compiler with project's scala-library version: 3.3.6
2025.06.01 14:55:43 WARN  Could not find semantic tokens for: file:///home/nuessli/Projects/Datuman/play-geojson/build.sbt
2025.06.01 14:55:53 WARN  no build target for: /home/nuessli/Projects/Datuman/play-geojson/project/plugins.sbt
2025.06.01 14:55:53 INFO  no build target found for /home/nuessli/Projects/Datuman/play-geojson/project/plugins.sbt. Using presentation compiler with project's scala-library version: 3.3.6
2025.06.01 14:55:53 INFO  no build target found for /home/nuessli/Projects/Datuman/play-geojson/project/plugins.sbt. Using presentation compiler with project's scala-library version: 3.3.6
2025.06.01 14:55:53 WARN  Could not find semantic tokens for: file:///home/nuessli/Projects/Datuman/play-geojson/project/plugins.sbt
2025.06.01 14:55:53 INFO  no build target found for /home/nuessli/Projects/Datuman/play-geojson/project/plugins.sbt. Using presentation compiler with project's scala-library version: 3.3.6
2025.06.01 14:55:53 WARN  Could not find semantic tokens for: file:///home/nuessli/Projects/Datuman/play-geojson/project/plugins.sbt
2025.06.01 14:55:55 INFO  no build target found for /home/nuessli/Projects/Datuman/play-geojson/project/plugins.sbt. Using presentation compiler with project's scala-library version: 3.3.6
2025.06.01 14:55:56 INFO  no build target found for /home/nuessli/Projects/Datuman/play-geojson/project/plugins.sbt. Using presentation compiler with project's scala-library version: 3.3.6
2025.06.01 14:56:02 INFO  no build target found for /home/nuessli/Projects/Datuman/play-geojson/project/plugins.sbt. Using presentation compiler with project's scala-library version: 3.3.6
2025.06.01 14:56:03 INFO  no build target found for /home/nuessli/Projects/Datuman/play-geojson/project/plugins.sbt. Using presentation compiler with project's scala-library version: 3.3.6
2025.06.01 14:56:03 INFO  no build target found for /home/nuessli/Projects/Datuman/play-geojson/project/plugins.sbt. Using presentation compiler with project's scala-library version: 3.3.6
2025.06.01 14:56:03 INFO  no build target found for /home/nuessli/Projects/Datuman/play-geojson/project/plugins.sbt. Using presentation compiler with project's scala-library version: 3.3.6
2025.06.01 14:56:03 WARN  Could not find semantic tokens for: file:///home/nuessli/Projects/Datuman/play-geojson/project/plugins.sbt
2025.06.01 14:56:04 WARN  no build target for: /home/nuessli/Projects/Datuman/play-geojson/project/plugins.sbt
2025.06.01 14:56:03 INFO  no build target found for /home/nuessli/Projects/Datuman/play-geojson/project/plugins.sbt. Using presentation compiler with project's scala-library version: 3.3.6
2025.06.01 14:56:03 WARN  Could not find semantic tokens for: file:///home/nuessli/Projects/Datuman/play-geojson/project/plugins.sbt
2025.06.01 14:56:04 INFO  no build target found for /home/nuessli/Projects/Datuman/play-geojson/project/plugins.sbt. Using presentation compiler with project's scala-library version: 3.3.6
2025.06.01 14:56:04 WARN  Could not find semantic tokens for: file:///home/nuessli/Projects/Datuman/play-geojson/project/plugins.sbt
2025.06.01 14:56:06 INFO  no build target found for /home/nuessli/Projects/Datuman/play-geojson/project/plugins.sbt. Using presentation compiler with project's scala-library version: 3.3.6
2025.06.01 14:56:07 INFO  no build target found for /home/nuessli/Projects/Datuman/play-geojson/project/plugins.sbt. Using presentation compiler with project's scala-library version: 3.3.6
2025.06.01 14:56:07 INFO  no build target found for /home/nuessli/Projects/Datuman/play-geojson/project/plugins.sbt. Using presentation compiler with project's scala-library version: 3.3.6
2025.06.01 14:56:07 INFO  no build target found for /home/nuessli/Projects/Datuman/play-geojson/project/plugins.sbt. Using presentation compiler with project's scala-library version: 3.3.6
2025.06.01 14:56:08 INFO  no build target found for /home/nuessli/Projects/Datuman/play-geojson/project/plugins.sbt. Using presentation compiler with project's scala-library version: 3.3.6
2025.06.01 14:56:08 INFO  no build target found for /home/nuessli/Projects/Datuman/play-geojson/project/plugins.sbt. Using presentation compiler with project's scala-library version: 3.3.6
2025.06.01 14:56:08 WARN  Could not find semantic tokens for: file:///home/nuessli/Projects/Datuman/play-geojson/project/plugins.sbt
2025.06.01 14:56:08 WARN  no build target for: /home/nuessli/Projects/Datuman/play-geojson/project/plugins.sbt
2025.06.01 14:56:08 INFO  no build target found for /home/nuessli/Projects/Datuman/play-geojson/project/plugins.sbt. Using presentation compiler with project's scala-library version: 3.3.6
2025.06.01 14:56:08 WARN  Could not find semantic tokens for: file:///home/nuessli/Projects/Datuman/play-geojson/project/plugins.sbt
2025.06.01 14:56:09 INFO  no build target found for /home/nuessli/Projects/Datuman/play-geojson/project/plugins.sbt. Using presentation compiler with project's scala-library version: 3.3.6
2025.06.01 14:56:09 WARN  Could not find semantic tokens for: file:///home/nuessli/Projects/Datuman/play-geojson/project/plugins.sbt
2025.06.01 14:56:09 INFO  no build target found for /home/nuessli/Projects/Datuman/play-geojson/project/plugins.sbt. Using presentation compiler with project's scala-library version: 3.3.6
2025.06.01 14:56:09 INFO  no build target found for /home/nuessli/Projects/Datuman/play-geojson/project/plugins.sbt. Using presentation compiler with project's scala-library version: 3.3.6
2025.06.01 14:56:11 INFO  no build target found for /home/nuessli/Projects/Datuman/play-geojson/project/plugins.sbt. Using presentation compiler with project's scala-library version: 3.3.6
2025.06.01 14:56:11 INFO  no build target found for /home/nuessli/Projects/Datuman/play-geojson/project/plugins.sbt. Using presentation compiler with project's scala-library version: 3.3.6
2025.06.01 14:56:11 INFO  no build target found for /home/nuessli/Projects/Datuman/play-geojson/project/plugins.sbt. Using presentation compiler with project's scala-library version: 3.3.6
2025.06.01 14:56:11 INFO  no build target found for /home/nuessli/Projects/Datuman/play-geojson/project/plugins.sbt. Using presentation compiler with project's scala-library version: 3.3.6
2025.06.01 14:56:11 WARN  Could not find semantic tokens for: file:///home/nuessli/Projects/Datuman/play-geojson/project/plugins.sbt
2025.06.01 14:56:12 WARN  no build target for: /home/nuessli/Projects/Datuman/play-geojson/project/plugins.sbt
2025.06.01 14:56:12 INFO  no build target found for /home/nuessli/Projects/Datuman/play-geojson/project/plugins.sbt. Using presentation compiler with project's scala-library version: 3.3.6
2025.06.01 14:56:12 WARN  Could not find semantic tokens for: file:///home/nuessli/Projects/Datuman/play-geojson/project/plugins.sbt
2025.06.01 14:56:11 WARN  no build target for: /home/nuessli/Projects/Datuman/play-geojson/project/plugins.sbt
2025.06.01 14:56:12 INFO  no build target found for /home/nuessli/Projects/Datuman/play-geojson/project/plugins.sbt. Using presentation compiler with project's scala-library version: 3.3.6
2025.06.01 14:56:12 WARN  Could not find semantic tokens for: file:///home/nuessli/Projects/Datuman/play-geojson/project/plugins.sbt
2025.06.01 14:56:12 INFO  no build target found for /home/nuessli/Projects/Datuman/play-geojson/project/plugins.sbt. Using presentation compiler with project's scala-library version: 3.3.6
2025.06.01 14:56:12 WARN  Could not find semantic tokens for: file:///home/nuessli/Projects/Datuman/play-geojson/project/plugins.sbt
2025.06.01 14:56:19 WARN  no build target for: /home/nuessli/Projects/Datuman/play-geojson/project/plugins.sbt
2025.06.01 14:56:19 INFO  no build target found for /home/nuessli/Projects/Datuman/play-geojson/project/plugins.sbt. Using presentation compiler with project's scala-library version: 3.3.6
2025.06.01 14:56:19 WARN  Could not find semantic tokens for: file:///home/nuessli/Projects/Datuman/play-geojson/project/plugins.sbt
2025.06.01 14:56:19 INFO  no build target found for /home/nuessli/Projects/Datuman/play-geojson/project/plugins.sbt. Using presentation compiler with project's scala-library version: 3.3.6
2025.06.01 14:56:19 WARN  Could not find semantic tokens for: file:///home/nuessli/Projects/Datuman/play-geojson/project/plugins.sbt
2025.06.01 14:57:02 INFO  no build target found for /home/nuessli/Projects/Datuman/play-geojson/project/plugins.sbt. Using presentation compiler with project's scala-library version: 3.3.6
2025.06.01 14:57:02 INFO  no build target found for /home/nuessli/Projects/Datuman/play-geojson/project/plugins.sbt. Using presentation compiler with project's scala-library version: 3.3.6
2025.06.01 14:57:02 INFO  no build target found for /home/nuessli/Projects/Datuman/play-geojson/project/plugins.sbt. Using presentation compiler with project's scala-library version: 3.3.6
2025.06.01 14:57:04 INFO  no build target found for /home/nuessli/Projects/Datuman/play-geojson/project/plugins.sbt. Using presentation compiler with project's scala-library version: 3.3.6
2025.06.01 14:57:04 INFO  no build target found for /home/nuessli/Projects/Datuman/play-geojson/project/plugins.sbt. Using presentation compiler with project's scala-library version: 3.3.6
2025.06.01 14:57:04 INFO  no build target found for /home/nuessli/Projects/Datuman/play-geojson/project/plugins.sbt. Using presentation compiler with project's scala-library version: 3.3.6
2025.06.01 14:57:04 INFO  no build target found for /home/nuessli/Projects/Datuman/play-geojson/project/plugins.sbt. Using presentation compiler with project's scala-library version: 3.3.6
2025.06.01 14:57:04 WARN  Could not find semantic tokens for: file:///home/nuessli/Projects/Datuman/play-geojson/project/plugins.sbt
2025.06.01 14:57:04 WARN  no build target for: /home/nuessli/Projects/Datuman/play-geojson/project/plugins.sbt
2025.06.01 14:57:04 INFO  no build target found for /home/nuessli/Projects/Datuman/play-geojson/project/plugins.sbt. Using presentation compiler with project's scala-library version: 3.3.6
2025.06.01 14:57:04 WARN  Could not find semantic tokens for: file:///home/nuessli/Projects/Datuman/play-geojson/project/plugins.sbt
2025.06.01 14:57:05 INFO  no build target found for /home/nuessli/Projects/Datuman/play-geojson/project/plugins.sbt. Using presentation compiler with project's scala-library version: 3.3.6
2025.06.01 14:57:05 INFO  no build target found for /home/nuessli/Projects/Datuman/play-geojson/project/plugins.sbt. Using presentation compiler with project's scala-library version: 3.3.6
2025.06.01 14:57:05 WARN  Could not find semantic tokens for: file:///home/nuessli/Projects/Datuman/play-geojson/project/plugins.sbt
2025.06.01 14:57:05 INFO  no build target found for /home/nuessli/Projects/Datuman/play-geojson/project/plugins.sbt. Using presentation compiler with project's scala-library version: 3.3.6
2025.06.01 14:57:06 INFO  no build target found for /home/nuessli/Projects/Datuman/play-geojson/project/plugins.sbt. Using presentation compiler with project's scala-library version: 3.3.6
2025.06.01 14:57:05 INFO  no build target found for /home/nuessli/Projects/Datuman/play-geojson/project/plugins.sbt. Using presentation compiler with project's scala-library version: 3.3.6
2025.06.01 14:57:06 INFO  no build target found for /home/nuessli/Projects/Datuman/play-geojson/project/plugins.sbt. Using presentation compiler with project's scala-library version: 3.3.6
2025.06.01 14:57:06 WARN  Could not find semantic tokens for: file:///home/nuessli/Projects/Datuman/play-geojson/project/plugins.sbt
2025.06.01 14:57:05 INFO  no build target found for /home/nuessli/Projects/Datuman/play-geojson/project/plugins.sbt. Using presentation compiler with project's scala-library version: 3.3.6
2025.06.01 14:57:05 INFO  no build target found for /home/nuessli/Projects/Datuman/play-geojson/project/plugins.sbt. Using presentation compiler with project's scala-library version: 3.3.6
2025.06.01 14:57:06 INFO  no build target found for /home/nuessli/Projects/Datuman/play-geojson/project/plugins.sbt. Using presentation compiler with project's scala-library version: 3.3.6
2025.06.01 14:57:06 INFO  no build target found for /home/nuessli/Projects/Datuman/play-geojson/project/plugins.sbt. Using presentation compiler with project's scala-library version: 3.3.6
2025.06.01 14:57:07 WARN  Could not find semantic tokens for: file:///home/nuessli/Projects/Datuman/play-geojson/project/plugins.sbt
2025.06.01 14:57:06 INFO  no build target found for /home/nuessli/Projects/Datuman/play-geojson/project/plugins.sbt. Using presentation compiler with project's scala-library version: 3.3.6
2025.06.01 14:57:06 INFO  no build target found for /home/nuessli/Projects/Datuman/play-geojson/project/plugins.sbt. Using presentation compiler with project's scala-library version: 3.3.6
2025.06.01 14:57:07 WARN  no build target for: /home/nuessli/Projects/Datuman/play-geojson/project/plugins.sbt
2025.06.01 14:57:07 INFO  no build target found for /home/nuessli/Projects/Datuman/play-geojson/project/plugins.sbt. Using presentation compiler with project's scala-library version: 3.3.6
2025.06.01 14:57:07 INFO  no build target found for /home/nuessli/Projects/Datuman/play-geojson/project/plugins.sbt. Using presentation compiler with project's scala-library version: 3.3.6
2025.06.01 14:57:07 WARN  Could not find semantic tokens for: file:///home/nuessli/Projects/Datuman/play-geojson/project/plugins.sbt
2025.06.01 14:57:07 INFO  no build target found for /home/nuessli/Projects/Datuman/play-geojson/project/plugins.sbt. Using presentation compiler with project's scala-library version: 3.3.6
2025.06.01 14:57:07 INFO  no build target found for /home/nuessli/Projects/Datuman/play-geojson/project/plugins.sbt. Using presentation compiler with project's scala-library version: 3.3.6
2025.06.01 14:57:08 INFO  no build target found for /home/nuessli/Projects/Datuman/play-geojson/project/plugins.sbt. Using presentation compiler with project's scala-library version: 3.3.6
2025.06.01 14:57:08 INFO  no build target found for /home/nuessli/Projects/Datuman/play-geojson/project/plugins.sbt. Using presentation compiler with project's scala-library version: 3.3.6
2025.06.01 14:57:08 WARN  Could not find semantic tokens for: file:///home/nuessli/Projects/Datuman/play-geojson/project/plugins.sbt
2025.06.01 14:57:08 WARN  no build target for: /home/nuessli/Projects/Datuman/play-geojson/project/plugins.sbt
2025.06.01 14:57:08 INFO  no build target found for /home/nuessli/Projects/Datuman/play-geojson/project/plugins.sbt. Using presentation compiler with project's scala-library version: 3.3.6
2025.06.01 14:57:08 WARN  Could not find semantic tokens for: file:///home/nuessli/Projects/Datuman/play-geojson/project/plugins.sbt
2025.06.01 14:57:09 INFO  no build target found for /home/nuessli/Projects/Datuman/play-geojson/project/plugins.sbt. Using presentation compiler with project's scala-library version: 3.3.6
2025.06.01 14:57:09 INFO  no build target found for /home/nuessli/Projects/Datuman/play-geojson/project/plugins.sbt. Using presentation compiler with project's scala-library version: 3.3.6
2025.06.01 14:57:08 INFO  no build target found for /home/nuessli/Projects/Datuman/play-geojson/project/plugins.sbt. Using presentation compiler with project's scala-library version: 3.3.6
2025.06.01 14:57:08 WARN  Could not find semantic tokens for: file:///home/nuessli/Projects/Datuman/play-geojson/project/plugins.sbt
2025.06.01 14:57:11 INFO  no build target found for /home/nuessli/Projects/Datuman/play-geojson/project/plugins.sbt. Using presentation compiler with project's scala-library version: 3.3.6
2025.06.01 14:57:11 INFO  no build target found for /home/nuessli/Projects/Datuman/play-geojson/project/plugins.sbt. Using presentation compiler with project's scala-library version: 3.3.6
2025.06.01 14:57:11 INFO  no build target found for /home/nuessli/Projects/Datuman/play-geojson/project/plugins.sbt. Using presentation compiler with project's scala-library version: 3.3.6
2025.06.01 14:57:11 WARN  Could not find semantic tokens for: file:///home/nuessli/Projects/Datuman/play-geojson/project/plugins.sbt
2025.06.01 14:57:11 INFO  no build target found for /home/nuessli/Projects/Datuman/play-geojson/project/plugins.sbt. Using presentation compiler with project's scala-library version: 3.3.6
2025.06.01 14:57:11 INFO  no build target found for /home/nuessli/Projects/Datuman/play-geojson/project/plugins.sbt. Using presentation compiler with project's scala-library version: 3.3.6
2025.06.01 14:57:11 INFO  no build target found for /home/nuessli/Projects/Datuman/play-geojson/project/plugins.sbt. Using presentation compiler with project's scala-library version: 3.3.6
2025.06.01 14:57:11 INFO  no build target found for /home/nuessli/Projects/Datuman/play-geojson/project/plugins.sbt. Using presentation compiler with project's scala-library version: 3.3.6
2025.06.01 14:57:11 INFO  no build target found for /home/nuessli/Projects/Datuman/play-geojson/project/plugins.sbt. Using presentation compiler with project's scala-library version: 3.3.6
2025.06.01 14:57:12 WARN  no build target for: /home/nuessli/Projects/Datuman/play-geojson/project/plugins.sbt
2025.06.01 14:57:12 INFO  no build target found for /home/nuessli/Projects/Datuman/play-geojson/project/plugins.sbt. Using presentation compiler with project's scala-library version: 3.3.6
2025.06.01 14:57:12 WARN  Could not find semantic tokens for: file:///home/nuessli/Projects/Datuman/play-geojson/project/plugins.sbt
2025.06.01 14:57:12 INFO  no build target found for /home/nuessli/Projects/Datuman/play-geojson/project/plugins.sbt. Using presentation compiler with project's scala-library version: 3.3.6
2025.06.01 14:57:12 INFO  no build target found for /home/nuessli/Projects/Datuman/play-geojson/project/plugins.sbt. Using presentation compiler with project's scala-library version: 3.3.6
2025.06.01 14:57:12 INFO  no build target found for /home/nuessli/Projects/Datuman/play-geojson/project/plugins.sbt. Using presentation compiler with project's scala-library version: 3.3.6
2025.06.01 14:57:12 WARN  Could not find semantic tokens for: file:///home/nuessli/Projects/Datuman/play-geojson/project/plugins.sbt
2025.06.01 14:57:12 INFO  no build target found for /home/nuessli/Projects/Datuman/play-geojson/project/plugins.sbt. Using presentation compiler with project's scala-library version: 3.3.6
2025.06.01 14:57:12 INFO  no build target found for /home/nuessli/Projects/Datuman/play-geojson/project/plugins.sbt. Using presentation compiler with project's scala-library version: 3.3.6
2025.06.01 14:57:12 INFO  no build target found for /home/nuessli/Projects/Datuman/play-geojson/project/plugins.sbt. Using presentation compiler with project's scala-library version: 3.3.6
2025.06.01 14:57:12 INFO  no build target found for /home/nuessli/Projects/Datuman/play-geojson/project/plugins.sbt. Using presentation compiler with project's scala-library version: 3.3.6
2025.06.01 14:57:12 WARN  Could not find semantic tokens for: file:///home/nuessli/Projects/Datuman/play-geojson/project/plugins.sbt
2025.06.01 14:57:12 INFO  no build target found for /home/nuessli/Projects/Datuman/play-geojson/project/plugins.sbt. Using presentation compiler with project's scala-library version: 3.3.6
2025.06.01 14:57:13 INFO  no build target found for /home/nuessli/Projects/Datuman/play-geojson/project/plugins.sbt. Using presentation compiler with project's scala-library version: 3.3.6
2025.06.01 14:57:13 INFO  no build target found for /home/nuessli/Projects/Datuman/play-geojson/project/plugins.sbt. Using presentation compiler with project's scala-library version: 3.3.6
2025.06.01 14:57:13 WARN  no build target for: /home/nuessli/Projects/Datuman/play-geojson/project/plugins.sbt
2025.06.01 14:57:13 INFO  no build target found for /home/nuessli/Projects/Datuman/play-geojson/project/plugins.sbt. Using presentation compiler with project's scala-library version: 3.3.6
2025.06.01 14:57:13 WARN  Could not find semantic tokens for: file:///home/nuessli/Projects/Datuman/play-geojson/project/plugins.sbt
2025.06.01 14:57:13 INFO  no build target found for /home/nuessli/Projects/Datuman/play-geojson/project/plugins.sbt. Using presentation compiler with project's scala-library version: 3.3.6
2025.06.01 14:57:13 INFO  no build target found for /home/nuessli/Projects/Datuman/play-geojson/project/plugins.sbt. Using presentation compiler with project's scala-library version: 3.3.6
2025.06.01 14:57:13 INFO  no build target found for /home/nuessli/Projects/Datuman/play-geojson/project/plugins.sbt. Using presentation compiler with project's scala-library version: 3.3.6
2025.06.01 14:57:13 INFO  no build target found for /home/nuessli/Projects/Datuman/play-geojson/project/plugins.sbt. Using presentation compiler with project's scala-library version: 3.3.6
2025.06.01 14:57:14 WARN  Could not find semantic tokens for: file:///home/nuessli/Projects/Datuman/play-geojson/project/plugins.sbt
2025.06.01 14:57:14 INFO  no build target found for /home/nuessli/Projects/Datuman/play-geojson/project/plugins.sbt. Using presentation compiler with project's scala-library version: 3.3.6
2025.06.01 14:57:13 INFO  no build target found for /home/nuessli/Projects/Datuman/play-geojson/project/plugins.sbt. Using presentation compiler with project's scala-library version: 3.3.6
2025.06.01 14:57:14 INFO  no build target found for /home/nuessli/Projects/Datuman/play-geojson/project/plugins.sbt. Using presentation compiler with project's scala-library version: 3.3.6
2025.06.01 14:57:14 WARN  Could not find semantic tokens for: file:///home/nuessli/Projects/Datuman/play-geojson/project/plugins.sbt
2025.06.01 14:57:14 INFO  no build target found for /home/nuessli/Projects/Datuman/play-geojson/project/plugins.sbt. Using presentation compiler with project's scala-library version: 3.3.6
2025.06.01 14:57:14 WARN  no build target for: /home/nuessli/Projects/Datuman/play-geojson/project/plugins.sbt
2025.06.01 14:57:14 INFO  no build target found for /home/nuessli/Projects/Datuman/play-geojson/project/plugins.sbt. Using presentation compiler with project's scala-library version: 3.3.6
2025.06.01 14:57:14 WARN  Could not find semantic tokens for: file:///home/nuessli/Projects/Datuman/play-geojson/project/plugins.sbt
2025.06.01 14:57:14 INFO  no build target found for /home/nuessli/Projects/Datuman/play-geojson/project/plugins.sbt. Using presentation compiler with project's scala-library version: 3.3.6
2025.06.01 14:57:14 WARN  Could not find semantic tokens for: file:///home/nuessli/Projects/Datuman/play-geojson/project/plugins.sbt
Jun 01, 2025 2:57:35 PM org.eclipse.lsp4j.jsonrpc.RemoteEndpoint handleNotification
WARNING: Notification threw an exception: {
  "jsonrpc": "2.0",
  "method": "metals/didFocusTextDocument",
  "params": [
    "git:/home/nuessli/Projects/Datuman/play-geojson/build.sbt?%7B%22path%22%3A%22%2Fhome%2Fnuessli%2FProjects%2FDatuman%2Fplay-geojson%2Fbuild.sbt%22%2C%22ref%22%3A%22%22%7D"
  ]
}
java.nio.file.FileSystemNotFoundException: Provider "git" not installed
	at java.base/java.nio.file.Path.of(Path.java:212)
	at java.base/java.nio.file.Paths.get(Paths.java:98)
	at scala.meta.internal.mtags.MtagsEnrichments$XtensionURIMtags.toAbsolutePath(MtagsEnrichments.scala:130)
	at scala.meta.internal.mtags.MtagsEnrichments$XtensionStringMtags.toAbsolutePath(MtagsEnrichments.scala:190)
	at scala.meta.internal.metals.MetalsEnrichments$XtensionString.toAbsolutePath(MetalsEnrichments.scala:787)
	at scala.meta.internal.metals.MetalsEnrichments$XtensionString.toAbsolutePath(MetalsEnrichments.scala:784)
	at scala.meta.internal.metals.WorkspaceLspService.didFocus(WorkspaceLspService.scala:774)
	at scala.meta.metals.lsp.DelegatingScalaService.didFocus(DelegatingScalaService.scala:42)
	at java.base/jdk.internal.reflect.NativeMethodAccessorImpl.invoke0(Native Method)
	at java.base/jdk.internal.reflect.NativeMethodAccessorImpl.invoke(NativeMethodAccessorImpl.java:77)
	at java.base/jdk.internal.reflect.DelegatingMethodAccessorImpl.invoke(DelegatingMethodAccessorImpl.java:43)
	at java.base/java.lang.reflect.Method.invoke(Method.java:568)
	at org.eclipse.lsp4j.jsonrpc.services.GenericEndpoint.lambda$recursiveFindRpcMethods$0(GenericEndpoint.java:65)
	at org.eclipse.lsp4j.jsonrpc.services.GenericEndpoint.notify(GenericEndpoint.java:160)
	at org.eclipse.lsp4j.jsonrpc.RemoteEndpoint.handleNotification(RemoteEndpoint.java:231)
	at org.eclipse.lsp4j.jsonrpc.RemoteEndpoint.consume(RemoteEndpoint.java:198)
	at org.eclipse.lsp4j.jsonrpc.json.StreamMessageProducer.handleMessage(StreamMessageProducer.java:185)
	at org.eclipse.lsp4j.jsonrpc.json.StreamMessageProducer.listen(StreamMessageProducer.java:97)
	at org.eclipse.lsp4j.jsonrpc.json.ConcurrentMessageProcessor.run(ConcurrentMessageProcessor.java:114)
	at java.base/java.util.concurrent.Executors$RunnableAdapter.call(Executors.java:539)
	at java.base/java.util.concurrent.FutureTask.run(FutureTask.java:264)
	at java.base/java.util.concurrent.ThreadPoolExecutor.runWorker(ThreadPoolExecutor.java:1136)
	at java.base/java.util.concurrent.ThreadPoolExecutor$Worker.run(ThreadPoolExecutor.java:635)
	at java.base/java.lang.Thread.run(Thread.java:833)

2025.06.01 14:57:38 WARN  no build target for: /home/nuessli/Projects/Datuman/play-geojson/build.sbt
2025.06.01 14:57:38 INFO  no build target found for /home/nuessli/Projects/Datuman/play-geojson/build.sbt. Using presentation compiler with project's scala-library version: 3.3.6
2025.06.01 14:57:38 WARN  Could not find semantic tokens for: file:///home/nuessli/Projects/Datuman/play-geojson/build.sbt
2025.06.01 14:57:38 INFO  no build target found for /home/nuessli/Projects/Datuman/play-geojson/build.sbt. Using presentation compiler with project's scala-library version: 3.3.6
2025.06.01 14:57:38 INFO  no build target found for /home/nuessli/Projects/Datuman/play-geojson/build.sbt. Using presentation compiler with project's scala-library version: 3.3.6
2025.06.01 14:57:40 INFO  no build target found for /home/nuessli/Projects/Datuman/play-geojson/build.sbt. Using presentation compiler with project's scala-library version: 3.3.6
2025.06.01 14:57:40 INFO  no build target found for /home/nuessli/Projects/Datuman/play-geojson/build.sbt. Using presentation compiler with project's scala-library version: 3.3.6
2025.06.01 14:57:40 INFO  no build target found for /home/nuessli/Projects/Datuman/play-geojson/build.sbt. Using presentation compiler with project's scala-library version: 3.3.6
2025.06.01 14:57:40 INFO  no build target found for /home/nuessli/Projects/Datuman/play-geojson/build.sbt. Using presentation compiler with project's scala-library version: 3.3.6
2025.06.01 14:57:42 INFO  no build target found for /home/nuessli/Projects/Datuman/play-geojson/build.sbt. Using presentation compiler with project's scala-library version: 3.3.6
2025.06.01 14:57:42 INFO  no build target found for /home/nuessli/Projects/Datuman/play-geojson/build.sbt. Using presentation compiler with project's scala-library version: 3.3.6
2025.06.01 14:57:43 INFO  no build target found for /home/nuessli/Projects/Datuman/play-geojson/build.sbt. Using presentation compiler with project's scala-library version: 3.3.6
2025.06.01 14:57:43 INFO  no build target found for /home/nuessli/Projects/Datuman/play-geojson/build.sbt. Using presentation compiler with project's scala-library version: 3.3.6
2025.06.01 14:57:43 WARN  no build target for: /home/nuessli/Projects/Datuman/play-geojson/build.sbt
2025.06.01 14:57:43 INFO  no build target found for /home/nuessli/Projects/Datuman/play-geojson/build.sbt. Using presentation compiler with project's scala-library version: 3.3.6
2025.06.01 14:57:44 INFO  no build target found for /home/nuessli/Projects/Datuman/play-geojson/build.sbt. Using presentation compiler with project's scala-library version: 3.3.6
2025.06.01 14:59:22 INFO  no build target found for /home/nuessli/Projects/Datuman/play-geojson/build.sbt. Using presentation compiler with project's scala-library version: 3.3.6
2025.06.01 14:59:28 WARN  no build target for: /home/nuessli/Projects/Datuman/play-geojson/project/plugins.sbt
2025.06.01 14:59:28 INFO  no build target found for /home/nuessli/Projects/Datuman/play-geojson/project/plugins.sbt. Using presentation compiler with project's scala-library version: 3.3.6
2025.06.01 14:59:28 INFO  no build target found for /home/nuessli/Projects/Datuman/play-geojson/project/plugins.sbt. Using presentation compiler with project's scala-library version: 3.3.6
2025.06.01 14:59:28 WARN  Could not find semantic tokens for: file:///home/nuessli/Projects/Datuman/play-geojson/project/plugins.sbt
2025.06.01 14:59:28 INFO  no build target found for /home/nuessli/Projects/Datuman/play-geojson/project/plugins.sbt. Using presentation compiler with project's scala-library version: 3.3.6
2025.06.01 14:59:28 INFO  no build target found for /home/nuessli/Projects/Datuman/play-geojson/project/plugins.sbt. Using presentation compiler with project's scala-library version: 3.3.6
2025.06.01 14:59:29 INFO  no build target found for /home/nuessli/Projects/Datuman/play-geojson/project/plugins.sbt. Using presentation compiler with project's scala-library version: 3.3.6
2025.06.01 14:59:29 INFO  no build target found for /home/nuessli/Projects/Datuman/play-geojson/project/plugins.sbt. Using presentation compiler with project's scala-library version: 3.3.6
2025.06.01 14:59:29 INFO  no build target found for /home/nuessli/Projects/Datuman/play-geojson/project/plugins.sbt. Using presentation compiler with project's scala-library version: 3.3.6
2025.06.01 14:59:30 INFO  no build target found for /home/nuessli/Projects/Datuman/play-geojson/project/plugins.sbt. Using presentation compiler with project's scala-library version: 3.3.6
2025.06.01 14:59:30 INFO  no build target found for /home/nuessli/Projects/Datuman/play-geojson/project/plugins.sbt. Using presentation compiler with project's scala-library version: 3.3.6
2025.06.01 14:59:30 INFO  no build target found for /home/nuessli/Projects/Datuman/play-geojson/project/plugins.sbt. Using presentation compiler with project's scala-library version: 3.3.6
2025.06.01 14:59:30 WARN  Could not find semantic tokens for: file:///home/nuessli/Projects/Datuman/play-geojson/project/plugins.sbt
2025.06.01 14:59:30 INFO  no build target found for /home/nuessli/Projects/Datuman/play-geojson/project/plugins.sbt. Using presentation compiler with project's scala-library version: 3.3.6
2025.06.01 14:59:30 INFO  no build target found for /home/nuessli/Projects/Datuman/play-geojson/project/plugins.sbt. Using presentation compiler with project's scala-library version: 3.3.6
2025.06.01 14:59:31 WARN  no build target for: /home/nuessli/Projects/Datuman/play-geojson/project/plugins.sbt
2025.06.01 14:59:30 INFO  no build target found for /home/nuessli/Projects/Datuman/play-geojson/project/plugins.sbt. Using presentation compiler with project's scala-library version: 3.3.6
2025.06.01 14:59:30 WARN  Could not find semantic tokens for: file:///home/nuessli/Projects/Datuman/play-geojson/project/plugins.sbt
2025.06.01 14:59:31 INFO  no build target found for /home/nuessli/Projects/Datuman/play-geojson/project/plugins.sbt. Using presentation compiler with project's scala-library version: 3.3.6
2025.06.01 14:59:31 WARN  Could not find semantic tokens for: file:///home/nuessli/Projects/Datuman/play-geojson/project/plugins.sbt
Jun 01, 2025 3:01:58 PM org.eclipse.lsp4j.jsonrpc.RemoteEndpoint handleNotification
WARNING: Notification threw an exception: {
  "jsonrpc": "2.0",
  "method": "metals/didFocusTextDocument",
  "params": [
    "git:/home/nuessli/Projects/Datuman/play-geojson/core/src/test/scala/au/id/jazzy/play/geojson/ExampleSpec.scala?%7B%22path%22%3A%22%2Fhome%2Fnuessli%2FProjects%2FDatuman%2Fplay-geojson%2Fcore%2Fsrc%2Ftest%2Fscala%2Fau%2Fid%2Fjazzy%2Fplay%2Fgeojson%2FExampleSpec.scala%22%2C%22ref%22%3A%22%22%7D"
  ]
}
java.nio.file.FileSystemNotFoundException: Provider "git" not installed
	at java.base/java.nio.file.Path.of(Path.java:212)
	at java.base/java.nio.file.Paths.get(Paths.java:98)
	at scala.meta.internal.mtags.MtagsEnrichments$XtensionURIMtags.toAbsolutePath(MtagsEnrichments.scala:130)
	at scala.meta.internal.mtags.MtagsEnrichments$XtensionStringMtags.toAbsolutePath(MtagsEnrichments.scala:190)
	at scala.meta.internal.metals.MetalsEnrichments$XtensionString.toAbsolutePath(MetalsEnrichments.scala:787)
	at scala.meta.internal.metals.MetalsEnrichments$XtensionString.toAbsolutePath(MetalsEnrichments.scala:784)
	at scala.meta.internal.metals.WorkspaceLspService.didFocus(WorkspaceLspService.scala:774)
	at scala.meta.metals.lsp.DelegatingScalaService.didFocus(DelegatingScalaService.scala:42)
	at java.base/jdk.internal.reflect.NativeMethodAccessorImpl.invoke0(Native Method)
	at java.base/jdk.internal.reflect.NativeMethodAccessorImpl.invoke(NativeMethodAccessorImpl.java:77)
	at java.base/jdk.internal.reflect.DelegatingMethodAccessorImpl.invoke(DelegatingMethodAccessorImpl.java:43)
	at java.base/java.lang.reflect.Method.invoke(Method.java:568)
	at org.eclipse.lsp4j.jsonrpc.services.GenericEndpoint.lambda$recursiveFindRpcMethods$0(GenericEndpoint.java:65)
	at org.eclipse.lsp4j.jsonrpc.services.GenericEndpoint.notify(GenericEndpoint.java:160)
	at org.eclipse.lsp4j.jsonrpc.RemoteEndpoint.handleNotification(RemoteEndpoint.java:231)
	at org.eclipse.lsp4j.jsonrpc.RemoteEndpoint.consume(RemoteEndpoint.java:198)
	at org.eclipse.lsp4j.jsonrpc.json.StreamMessageProducer.handleMessage(StreamMessageProducer.java:185)
	at org.eclipse.lsp4j.jsonrpc.json.StreamMessageProducer.listen(StreamMessageProducer.java:97)
	at org.eclipse.lsp4j.jsonrpc.json.ConcurrentMessageProcessor.run(ConcurrentMessageProcessor.java:114)
	at java.base/java.util.concurrent.Executors$RunnableAdapter.call(Executors.java:539)
	at java.base/java.util.concurrent.FutureTask.run(FutureTask.java:264)
	at java.base/java.util.concurrent.ThreadPoolExecutor.runWorker(ThreadPoolExecutor.java:1136)
	at java.base/java.util.concurrent.ThreadPoolExecutor$Worker.run(ThreadPoolExecutor.java:635)
	at java.base/java.lang.Thread.run(Thread.java:833)

Jun 01, 2025 3:01:59 PM org.eclipse.lsp4j.jsonrpc.RemoteEndpoint handleNotification
WARNING: Notification threw an exception: {
  "jsonrpc": "2.0",
  "method": "metals/didFocusTextDocument",
  "params": [
    "git:/home/nuessli/Projects/Datuman/play-geojson/core/src/test/scala/au/id/jazzy/play/geojson/GeoJsonSpec.scala?%7B%22path%22%3A%22%2Fhome%2Fnuessli%2FProjects%2FDatuman%2Fplay-geojson%2Fcore%2Fsrc%2Ftest%2Fscala%2Fau%2Fid%2Fjazzy%2Fplay%2Fgeojson%2FGeoJsonSpec.scala%22%2C%22ref%22%3A%22%22%7D"
  ]
}
java.nio.file.FileSystemNotFoundException: Provider "git" not installed
	at java.base/java.nio.file.Path.of(Path.java:212)
	at java.base/java.nio.file.Paths.get(Paths.java:98)
	at scala.meta.internal.mtags.MtagsEnrichments$XtensionURIMtags.toAbsolutePath(MtagsEnrichments.scala:130)
	at scala.meta.internal.mtags.MtagsEnrichments$XtensionStringMtags.toAbsolutePath(MtagsEnrichments.scala:190)
	at scala.meta.internal.metals.MetalsEnrichments$XtensionString.toAbsolutePath(MetalsEnrichments.scala:787)
	at scala.meta.internal.metals.MetalsEnrichments$XtensionString.toAbsolutePath(MetalsEnrichments.scala:784)
	at scala.meta.internal.metals.WorkspaceLspService.didFocus(WorkspaceLspService.scala:774)
	at scala.meta.metals.lsp.DelegatingScalaService.didFocus(DelegatingScalaService.scala:42)
	at java.base/jdk.internal.reflect.NativeMethodAccessorImpl.invoke0(Native Method)
	at java.base/jdk.internal.reflect.NativeMethodAccessorImpl.invoke(NativeMethodAccessorImpl.java:77)
	at java.base/jdk.internal.reflect.DelegatingMethodAccessorImpl.invoke(DelegatingMethodAccessorImpl.java:43)
	at java.base/java.lang.reflect.Method.invoke(Method.java:568)
	at org.eclipse.lsp4j.jsonrpc.services.GenericEndpoint.lambda$recursiveFindRpcMethods$0(GenericEndpoint.java:65)
	at org.eclipse.lsp4j.jsonrpc.services.GenericEndpoint.notify(GenericEndpoint.java:160)
	at org.eclipse.lsp4j.jsonrpc.RemoteEndpoint.handleNotification(RemoteEndpoint.java:231)
	at org.eclipse.lsp4j.jsonrpc.RemoteEndpoint.consume(RemoteEndpoint.java:198)
	at org.eclipse.lsp4j.jsonrpc.json.StreamMessageProducer.handleMessage(StreamMessageProducer.java:185)
	at org.eclipse.lsp4j.jsonrpc.json.StreamMessageProducer.listen(StreamMessageProducer.java:97)
	at org.eclipse.lsp4j.jsonrpc.json.ConcurrentMessageProcessor.run(ConcurrentMessageProcessor.java:114)
	at java.base/java.util.concurrent.Executors$RunnableAdapter.call(Executors.java:539)
	at java.base/java.util.concurrent.FutureTask.run(FutureTask.java:264)
	at java.base/java.util.concurrent.ThreadPoolExecutor.runWorker(ThreadPoolExecutor.java:1136)
	at java.base/java.util.concurrent.ThreadPoolExecutor$Worker.run(ThreadPoolExecutor.java:635)
	at java.base/java.lang.Thread.run(Thread.java:833)

Jun 01, 2025 3:01:59 PM org.eclipse.lsp4j.jsonrpc.RemoteEndpoint handleNotification
WARNING: Notification threw an exception: {
  "jsonrpc": "2.0",
  "method": "metals/didFocusTextDocument",
  "params": [
    "git:/home/nuessli/Projects/Datuman/play-geojson/core/src/test/scala/au/id/jazzy/play/geojson/ExampleSpec.scala?%7B%22path%22%3A%22%2Fhome%2Fnuessli%2FProjects%2FDatuman%2Fplay-geojson%2Fcore%2Fsrc%2Ftest%2Fscala%2Fau%2Fid%2Fjazzy%2Fplay%2Fgeojson%2FExampleSpec.scala%22%2C%22ref%22%3A%22%22%7D"
  ]
}
java.nio.file.FileSystemNotFoundException: Provider "git" not installed
	at java.base/java.nio.file.Path.of(Path.java:212)
	at java.base/java.nio.file.Paths.get(Paths.java:98)
	at scala.meta.internal.mtags.MtagsEnrichments$XtensionURIMtags.toAbsolutePath(MtagsEnrichments.scala:130)
	at scala.meta.internal.mtags.MtagsEnrichments$XtensionStringMtags.toAbsolutePath(MtagsEnrichments.scala:190)
	at scala.meta.internal.metals.MetalsEnrichments$XtensionString.toAbsolutePath(MetalsEnrichments.scala:787)
	at scala.meta.internal.metals.MetalsEnrichments$XtensionString.toAbsolutePath(MetalsEnrichments.scala:784)
	at scala.meta.internal.metals.WorkspaceLspService.didFocus(WorkspaceLspService.scala:774)
	at scala.meta.metals.lsp.DelegatingScalaService.didFocus(DelegatingScalaService.scala:42)
	at java.base/jdk.internal.reflect.NativeMethodAccessorImpl.invoke0(Native Method)
	at java.base/jdk.internal.reflect.NativeMethodAccessorImpl.invoke(NativeMethodAccessorImpl.java:77)
	at java.base/jdk.internal.reflect.DelegatingMethodAccessorImpl.invoke(DelegatingMethodAccessorImpl.java:43)
	at java.base/java.lang.reflect.Method.invoke(Method.java:568)
	at org.eclipse.lsp4j.jsonrpc.services.GenericEndpoint.lambda$recursiveFindRpcMethods$0(GenericEndpoint.java:65)
	at org.eclipse.lsp4j.jsonrpc.services.GenericEndpoint.notify(GenericEndpoint.java:160)
	at org.eclipse.lsp4j.jsonrpc.RemoteEndpoint.handleNotification(RemoteEndpoint.java:231)
	at org.eclipse.lsp4j.jsonrpc.RemoteEndpoint.consume(RemoteEndpoint.java:198)
	at org.eclipse.lsp4j.jsonrpc.json.StreamMessageProducer.handleMessage(StreamMessageProducer.java:185)
	at org.eclipse.lsp4j.jsonrpc.json.StreamMessageProducer.listen(StreamMessageProducer.java:97)
	at org.eclipse.lsp4j.jsonrpc.json.ConcurrentMessageProcessor.run(ConcurrentMessageProcessor.java:114)
	at java.base/java.util.concurrent.Executors$RunnableAdapter.call(Executors.java:539)
	at java.base/java.util.concurrent.FutureTask.run(FutureTask.java:264)
	at java.base/java.util.concurrent.ThreadPoolExecutor.runWorker(ThreadPoolExecutor.java:1136)
	at java.base/java.util.concurrent.ThreadPoolExecutor$Worker.run(ThreadPoolExecutor.java:635)
	at java.base/java.lang.Thread.run(Thread.java:833)

2025.06.01 15:02:14 WARN  no build target for: /home/nuessli/Projects/Datuman/play-geojson/build.sbt
2025.06.01 15:02:14 INFO  no build target found for /home/nuessli/Projects/Datuman/play-geojson/build.sbt. Using presentation compiler with project's scala-library version: 3.3.6
2025.06.01 15:02:14 INFO  no build target found for /home/nuessli/Projects/Datuman/play-geojson/build.sbt. Using presentation compiler with project's scala-library version: 3.3.6
Jun 01, 2025 3:02:17 PM org.eclipse.lsp4j.jsonrpc.RemoteEndpoint handleNotification
WARNING: Notification threw an exception: {
  "jsonrpc": "2.0",
  "method": "metals/didFocusTextDocument",
  "params": [
    "git:/home/nuessli/Projects/Datuman/play-geojson/build.sbt?%7B%22path%22%3A%22%2Fhome%2Fnuessli%2FProjects%2FDatuman%2Fplay-geojson%2Fbuild.sbt%22%2C%22ref%22%3A%22%22%7D"
  ]
}
java.nio.file.FileSystemNotFoundException: Provider "git" not installed
	at java.base/java.nio.file.Path.of(Path.java:212)
	at java.base/java.nio.file.Paths.get(Paths.java:98)
	at scala.meta.internal.mtags.MtagsEnrichments$XtensionURIMtags.toAbsolutePath(MtagsEnrichments.scala:130)
	at scala.meta.internal.mtags.MtagsEnrichments$XtensionStringMtags.toAbsolutePath(MtagsEnrichments.scala:190)
	at scala.meta.internal.metals.MetalsEnrichments$XtensionString.toAbsolutePath(MetalsEnrichments.scala:787)
	at scala.meta.internal.metals.MetalsEnrichments$XtensionString.toAbsolutePath(MetalsEnrichments.scala:784)
	at scala.meta.internal.metals.WorkspaceLspService.didFocus(WorkspaceLspService.scala:774)
	at scala.meta.metals.lsp.DelegatingScalaService.didFocus(DelegatingScalaService.scala:42)
	at java.base/jdk.internal.reflect.NativeMethodAccessorImpl.invoke0(Native Method)
	at java.base/jdk.internal.reflect.NativeMethodAccessorImpl.invoke(NativeMethodAccessorImpl.java:77)
	at java.base/jdk.internal.reflect.DelegatingMethodAccessorImpl.invoke(DelegatingMethodAccessorImpl.java:43)
	at java.base/java.lang.reflect.Method.invoke(Method.java:568)
	at org.eclipse.lsp4j.jsonrpc.services.GenericEndpoint.lambda$recursiveFindRpcMethods$0(GenericEndpoint.java:65)
	at org.eclipse.lsp4j.jsonrpc.services.GenericEndpoint.notify(GenericEndpoint.java:160)
	at org.eclipse.lsp4j.jsonrpc.RemoteEndpoint.handleNotification(RemoteEndpoint.java:231)
	at org.eclipse.lsp4j.jsonrpc.RemoteEndpoint.consume(RemoteEndpoint.java:198)
	at org.eclipse.lsp4j.jsonrpc.json.StreamMessageProducer.handleMessage(StreamMessageProducer.java:185)
	at org.eclipse.lsp4j.jsonrpc.json.StreamMessageProducer.listen(StreamMessageProducer.java:97)
	at org.eclipse.lsp4j.jsonrpc.json.ConcurrentMessageProcessor.run(ConcurrentMessageProcessor.java:114)
	at java.base/java.util.concurrent.Executors$RunnableAdapter.call(Executors.java:539)
	at java.base/java.util.concurrent.FutureTask.run(FutureTask.java:264)
	at java.base/java.util.concurrent.ThreadPoolExecutor.runWorker(ThreadPoolExecutor.java:1136)
	at java.base/java.util.concurrent.ThreadPoolExecutor$Worker.run(ThreadPoolExecutor.java:635)
	at java.base/java.lang.Thread.run(Thread.java:833)

2025.06.01 15:02:20 WARN  no build target for: /home/nuessli/Projects/Datuman/play-geojson/build.sbt
2025.06.01 15:02:20 INFO  no build target found for /home/nuessli/Projects/Datuman/play-geojson/build.sbt. Using presentation compiler with project's scala-library version: 3.3.6
2025.06.01 15:02:20 INFO  no build target found for /home/nuessli/Projects/Datuman/play-geojson/build.sbt. Using presentation compiler with project's scala-library version: 3.3.6
